---
source: basiliq/src/serve/tests/requests/update/obj/sparse.rs
expression: res

---
{
  "jsonapi": {
    "version": "1.0"
  },
  "data": {
    "type": "public__peoples",
    "id": "[uuid]"
  }
}
