---
source: basiliq/src/serve/tests/requests/update/obj/include.rs
expression: res

---
{
  "jsonapi": {
    "version": "1.0"
  },
  "data": {
    "type": "public__peoples",
    "id": "[uuid]",
    "attributes": {
      "age": 100,
      "first-name": "Francis",
      "gender": "M",
      "last-name": "Le Roy",
      "twitter": null
    },
    "relationships": {
      "public__articles": {
        "data": [
          {
            "type": "public__articles",
            "id": "[uuid]"
          },
          {
            "type": "public__articles",
            "id": "[uuid]"
          }
        ]
      }
    }
  },
  "included": [
    {
      "type": "public__articles",
      "id": "[uuid]",
      "attributes": {
        "body": "Yeah I know ! Right ?!",
        "title": "Oh my g**"
      }
    },
    {
      "type": "public__articles",
      "id": "[uuid]",
      "attributes": {
        "body": "Yes",
        "title": "How to dead"
      }
    }
  ]
}
