---
source: basiliq/src/serve/tests/requests/select/obj/include.rs
expression: res

---
{
  "jsonapi": {
    "version": "1.0"
  },
  "data": {
    "type": "public__peoples",
    "id": "1649b1e9-8a5f-4f52-b331-c07ce3bccc6f",
    "attributes": {
      "age": 22,
      "first-name": "Francis",
      "gender": "M",
      "last-name": "Le Roy",
      "twitter": null
    },
    "relationships": {
      "public__people-article": {
        "data": [
          {
            "type": "public__people-article",
            "id": "f77b0017-1dfd-4ea1-b036-b228289f89e0"
          },
          {
            "type": "public__people-article",
            "id": "f0523b1e-30df-418d-83dc-876e4c78cfa9"
          }
        ]
      }
    }
  },
  "included": [
    {
      "type": "public__people-article",
      "id": "f0523b1e-30df-418d-83dc-876e4c78cfa9"
    },
    {
      "type": "public__people-article",
      "id": "f77b0017-1dfd-4ea1-b036-b228289f89e0"
    }
  ]
}
