---
source: basiliq/src/serve/tests/requests/update/rel/path.rs
expression: res

---
{
  "errors": {
    "id": "[error id]",
    "status": 400,
    "title": "CibouletteWrongPathType",
    "detail": "Wrong path type, got Type, expected [TypeId]"
  }
}
