---
source: basiliq/src/serve/tests/requests/create/sparse.rs
expression: res

---
{
  "errors": {
    "id": "[error id]",
    "status": 400,
    "title": "CibouletteUnknownType",
    "detail": "The json:api type `AAAAAAAAAAAAAA` is unknown."
  }
}
