---
source: basiliq/src/serve/tests/requests/delete/include.rs
expression: res

---
{
  "jsonapi": {
    "version": "1.0"
  },
  "data": null
}
