---
source: basiliq/src/serve/tests/requests/delete/paths.rs
expression: res

---
{
  "errors": {
    "id": "E20009",
    "status": 400,
    "title": "CibouletteWrongPathType",
    "detail": "Wrong path type, got TypeIdRelated, expected [TypeId]"
  }
}
