---
source: basiliq/src/serve/tests/requests/create/sparse.rs
expression: res

---
{
  "jsonapi": {
    "version": "1.0"
  },
  "data": {
    "type": "public__peoples",
    "id": "[uuid]",
    "attributes": {
      "first-name": "Francis"
    }
  }
}
