---
source: basiliq/src/serve/tests/requests/update/obj/misc.rs
expression: res

---
{
  "errors": {
    "id": "[error id]",
    "status": 403,
    "title": "Ciboulette2PgSortingByMultiRel",
    "detail": "Trying to sort type `public__articles` using its one-to-many relationships to `public__articles`"
  }
}
